YOLO mode is enabled. All tool calls will be automatically approved.
YOLO mode is enabled. All tool calls will be automatically approved.
Skill "skill-creator" from "/home/daniel-bo/.agents/skills/skill-creator/SKILL.md" is overriding the built-in skill.
I will start by analyzing the `dashboard` directory to identify the Tailwind configuration, global styles, and UI components.
I will check the root directory for a Tailwind configuration file and search for CSS files within the `dashboard` directory to better understand the styling setup.
I'll read the `package.json` and `components.json` in the `dashboard` directory to confirm the styling dependencies and configuration.
I'll examine `dashboard/app/globals.css` to see the theme definition and check for any design tokens.
I'll read the current `DESIGN.md` to understand its structure before updating it with the design tokens from `globals.css`.
I'll read `dashboard/app/layout.tsx` to identify the fonts used in the project.
I'll list the files in `dashboard/components/ui` to see the available UI components and then read `dashboard/components/ui/button.tsx` to understand their implementation.
I'll read `dashboard/components/ui/button.tsx` to understand the color usage in UI components.
I will create a comprehensive `DESIGN.md` file, incorporating the design tokens I've identified, and then I'll use the lint tool to ensure it meets the required standards.
I'll run the lint tool on `DESIGN.md` to check for any issues and then fix them.
I'll simplify the `DESIGN.md` file by flattening the typography, spacing, and roundness sections in the frontmatter to see if that resolves the linter error.
I'll run the lint tool on the simplified `DESIGN.md` to see if the error persists.
I'll update the `DESIGN.md` file by adding flat `spacing` and `rounded` maps, as suggested by the linter's info messages.
I'll run the lint tool on the updated `DESIGN.md` to see if the new sections are correctly recognized.
I'll now populate `DESIGN.md` with the full content, ensuring I maintain the frontmatter structure that passed the linting process.
I'll perform a final linting check on `DESIGN.md` to ensure everything is correct.
I've analyzed the project's UI configuration, extracted the relevant design tokens, and updated `DESIGN.md` into a comprehensive specification that follows the `@google/design.md` format. The final document includes colors, typography, spacing, and roundness levels based on the actual project code (Tailwind CSS v4 and Geist fonts). I've also validated the file using the `@google/design.md` linter, which confirmed 0 errors and 0 warnings.
