[0m
> build · MiniMax-M2.7
[0m
[0m→ [0mRead conductor/autonomous_prompt.md
[0m→ [0mSkill "conductor"
[0m→ [0mRead conductor/tracks.md
[0m→ [0mRead conductor/tech-debt.md
[0m→ [0mRead conductor/lessons-learned.md
[0m→ [0mRead conductor/current_directive.md
[0m
[0m$ [0mgit status
On branch master
Your branch is up to date with 'origin/master'.

Changes not staged for commit:
  (use "git add <file>..." to update what will be committed)
  (use "git restore <file>..." to discard changes in working directory)
	modified:   conductor/output.log

no changes added to commit (use "git add" and/or "git commit -a")
[0m
[0m→ [0mRead conductor/tracks/lesson_editor_refactor_20260413/plan.md
